DEBUG: Using sqlite_sync from C:\info\sqlite_sync_core\src\sqlite_sync\__init__.py
DEBUG: sys.path: ['C:\\info\\sqlite_sync_core', 'C:\\info\\sqlite_sync_core\\src', 'C:\\Program Files\\Python312\\python312.zip', 'C:\\Program Files\\Python312\\DLLs', 'C:\\Program Files\\Python312\\Lib', 'C:\\Program Files\\Python312', 'C:\\Users\\shiva\\AppData\\Roaming\\Python\\Python312\\site-packages', 'C:\\Users\\shiva\\AppData\\Roaming\\Python\\Python312\\site-packages\\win32', 'C:\\Users\\shiva\\AppData\\Roaming\\Python\\Python312\\site-packages\\win32\\lib', 'C:\\Users\\shiva\\AppData\\Roaming\\Python\\Python312\\site-packages\\Pythonwin', 'C:\\Program Files\\Python312\\Lib\\site-packages']
python : Traceback (most 
recent call last):
At line:1 char:1
+ python 
advanced_sync_test.py 
2>&1 | tee test_output.log
+ ~~~~~~~~~~~~~~~~~~~~~~~~
~~~~~~~~~
    + CategoryInfo        
      : NotSpecified: (T  
  raceback (most recent   
  call last)::String)     
[], RemoteException
    + FullyQualifiedError 
   Id : NativeCommandErr  
  or
 
  File "C:\info\sqlite_syn
c_core\advanced_sync_test.
py", line 93, in <module>
    
asyncio.run(run_test())
  File "C:\Program Files\P
ython312\Lib\asyncio\runne
rs.py", line 194, in run
    return 
runner.run(main)
           
^^^^^^^^^^^^^^^^
  File "C:\Program Files\P
ython312\Lib\asyncio\runne
rs.py", line 118, in run
    return self._loop.run_
until_complete(task)
           ^^^^^^^^^^^^^^^
^^^^^^^^^^^^^^^^^^^^
  File "C:\Program Files\P
ython312\Lib\asyncio\base_
events.py", line 687, in 
run_until_complete
    return future.result()
           ^^^^^^^^^^^^^^^
  File "C:\info\sqlite_syn
c_core\advanced_sync_test.
py", line 34, in run_test
    print("\U0001f680 
Starting Advanced 
Field-Level Convergence 
Test")
  File "C:\Program Files\P
ython312\Lib\encodings\cp1
252.py", line 19, in 
encode
    return codecs.charmap_
encode(input,self.errors,e
ncoding_table)[0]
           ^^^^^^^^^^^^^^^
^^^^^^^^^^^^^^^^^^^^^^^^^^
^^^^^^^^^^^^^^
UnicodeEncodeError: 
'charmap' codec can't 
encode character 
'\U0001f680' in position 
0: character maps to 
<undefined>
